version https://git-lfs.github.com/spec/v1
oid sha256:cbf15c3e1b714f99510812fe82517d4472fca48afcaf38169c71a033be1765bc
size 7093
