version https://git-lfs.github.com/spec/v1
oid sha256:4c7e1ad035f604e957f833b410ba919b593816cf369ea33b210585b000f03029
size 5945
